(def
  (ident fun)
  (list
    (param
      (ident A)
      (tensor_type
        (float)
        (list (ident X) (ident Y))))
    (param
      (ident B)
      (tensor_type
        (float)
        (list (ident Y) (ident Z)))))
  (list (param (ident O) (inferred)))
  (list
    (comprehension
      (ident O)
      (list (ident i) (ident j))
      (plus_eq_b)
      (*
        (access
          (ident A)
          (list (ident i) (ident k)))
        (access
          (ident B)
          (list (ident k) (ident j))))
      (list)
      (option
        (equivalent
          matmul
          (list
            (access
              (ident A)
              (list
                (ident i)
                (ident k)))
            (access
              (ident B)
              (list
                (ident k)
                (ident j))))))
      (list (ident k)))))
A: (tensor_type
  (float)
  (list (ident X) (ident Y)))
B: (tensor_type
  (float)
  (list (ident Y) (ident Z)))
O: (tensor_type
  (float)
  (list (ident O.0) (ident O.1)))
X: (int32)
Y: (int32)
Z: (int32)
