(def
  (ident conv)
  (list
    (param
      (ident input)
      (tensor_type
        (float)
        (list
          (ident B)
          (ident IP)
          (ident H)
          (ident W))))
    (param
      (ident weight)
      (tensor_type
        (float)
        (list
          (ident OP)
          (ident IP)
          (ident KH)
          (ident KW)))))
  (list
    (param (ident output) (inferred)))
  (list
    (comprehension
      (ident output)
      (list
        (ident b)
        (ident op)
        (ident h)
        (ident w))
      (plus_eq_b)
      (*
        (access
          (ident input)
          (list
            (ident b)
            (ident ip)
            (+ (ident h) (ident kh))
            (+ (ident w) (ident kw))))
        (access
          (ident weight)
          (list
            (ident op)
            (ident ip)
            (ident kh)
            (ident kw))))
      (list)
      (option)
      (list
        (ident ip)
        (ident kh)
        (ident kw)))))
