(comprehension
  (ident output)
  (list
    (ident b)
    (ident op)
    (ident h)
    (ident w))
  (plus_eq_b)
  (*
    (apply
      (ident input)
      (list
        (ident b)
        (ident ip)
        (+ (ident h) (ident kh))
        (+ (ident w) (ident kw))))
    (apply
      (ident weight)
      (list
        (ident op)
        (ident ip)
        (ident kh)
        (ident kw))))
  (list)
  (option)
  (list))
