# Copyright (c) 2017-present, Facebook, Inc.
#
# Licensed under the Apache License, Version 2.0 (the "License");
# you may not use this file except in compliance with the License.
# You may obtain a copy of the License at
#
#     http://www.apache.org/licenses/LICENSE-2.0
#
# Unless required by applicable law or agreed to in writing, software
# distributed under the License is distributed on an "AS IS" BASIS,
# WITHOUT WARRANTIES OR CONDITIONS OF ANY KIND, either express or implied.
# See the License for the specific language governing permissions and
# limitations under the License.
##############################################################################
(def
  (ident fun)
  (list
    (param
      (ident A)
      (tensor_type
        (float)
        (list (ident X) (ident Y))))
    (param
      (ident B)
      (tensor_type
        (float)
        (list (ident Y) (ident Z)))))
  (list (param (ident O) (inferred)))
  (list
    (comprehension
      (ident O)
      (list (ident i) (ident j))
      (plus_eq_b)
      (*
        (access
          (ident A)
          (list (ident i) (ident k)))
        (access
          (ident B)
          (list (ident k) (ident j))))
      (list)
      (option
        (equivalent
          matmul
          (list
            (access
              (ident A)
              (list
                (ident i)
                (ident k)))
            (access
              (ident B)
              (list
                (ident k)
                (ident j))))))
      (list (ident k)))))
A: (tensor_type
  (float)
  (list (ident X) (ident Y)))
B: (tensor_type
  (float)
  (list (ident Y) (ident Z)))
O: (tensor_type
  (float)
  (list (ident O.0) (ident O.1)))
X: (int32)
Y: (int32)
Z: (int32)
