(def
  (ident fun)
  (list
    (param
      (ident A)
      (tensor_type
        (float)
        (list (ident M))))
    (param
      (ident B)
      (tensor_type
        (float)
        (list (ident N)))))
  (list (param (ident O) (inferred)))
  (list
    (comprehension
      (ident O)
      (list)
      max
      (access
        (ident A)
        (list
          (access
            (ident B)
            (list (ident i)))))
      (list)
      (list (ident i)))))
A: (tensor_type (float) (list (ident M)))
B: (tensor_type (float) (list (ident N)))
M: (long)
N: (long)
O: (tensor_type (list))
