(def
  (ident fun)
  (list
    (param
      (ident A)
      (tensor_type
        (float)
        (list (ident M))))
    (param
      (ident B)
      (tensor_type
        (float)
        (list (ident N)))))
  (list (param (ident O) (inferred)))
  (list
    (comprehension
      (ident O)
      (list)
      (plus_eq_b)
      (access
        (ident A)
        (list
          (cast
            (access
              (ident B)
              (list (ident i)))
            (int32))))
      (list)
      (option)
      (list (ident i)))))
A: (tensor_type (float) (list (ident M)))
B: (tensor_type (float) (list (ident N)))
M: (int32)
N: (int32)
O: (tensor_type (float) (list))
